---
source: RimLoc/crates/rimloc-cli/tests/snapshots_defs.rs
expression: v
---
[]

